// Jest Snapshot v1, https://goo.gl/fbAQLP

exports[`index.js renders without crashing 1`] = `"{\\"_reactInternalInstance\\":\\"censored\\"}"`;
